// Bun Snapshot v1, https://bun.sh/docs/test/snapshots

exports[`validateSpec rejects not an object 1`] = `"✖ Invalid input: expected object, received string"`;

exports[`validateSpec rejects empty object 1`] = `"✖ requires at least one box or caption"`;

exports[`validateSpec rejects empty arrays 1`] = `"✖ requires at least one box or caption"`;

exports[`validateSpec rejects box missing text 1`] = `
"✖ Invalid input: expected string, received undefined
  → at boxes[0].text"
`;

exports[`validateSpec rejects bad preset 1`] = `
"✖ Invalid option: expected one of "classic"|"label"|"subtitle"
  → at boxes[0].preset"
`;

exports[`validateSpec rejects anchor and region together 1`] = `
"✖ anchor and region are mutually exclusive
  → at boxes[0]"
`;

exports[`validateSpec rejects region out of range 1`] = `
"✖ Too big: expected number to be <=1
  → at boxes[0].region.w"
`;

exports[`validateSpec rejects bad fontSize override 1`] = `
"✖ Too big: expected number to be <=1
  → at boxes[0].style.fontSize"
`;

exports[`validateSpec rejects bad caption position 1`] = `
"✖ Invalid option: expected one of "top"|"bottom"
  → at captions[0].position"
`;

exports[`validateSpec rejects non-boolean linkFontSizes 1`] = `
"✖ Invalid input: expected boolean, received string
  → at linkFontSizes"
`;

exports[`specFromFlags rejects no flags 1`] = `"flags: requires at least one of --top, --bottom, --subtitle, --caption, or --spec"`;

exports[`specFromFlags rejects bad caption position 1`] = `"--caption-position: expected top or bottom"`;
