// Bun Snapshot v1, https://bun.sh/docs/test/snapshots

exports[`voice-like text feature vector 1`] = `
"╔═════════════════════════════════╤════════╗
║ Feature                         │ Value  ║
╟─────────────────────────────────┼────────╢
║ sentenceLengthMean              │ 6.231  ║
╟─────────────────────────────────┼────────╢
║ sentenceLengthMedian            │ 6.000  ║
╟─────────────────────────────────┼────────╢
║ sentenceLengthSd                │ 2.421  ║
╟─────────────────────────────────┼────────╢
║ sentenceLengthCv                │ 0.388  ║
╟─────────────────────────────────┼────────╢
║ shortSentenceFraction           │ 0.923  ║
╟─────────────────────────────────┼────────╢
║ longSentenceFraction            │ 0.000  ║
╟─────────────────────────────────┼────────╢
║ sentenceLengthRange             │ 4.000  ║
╟─────────────────────────────────┼────────╢
║ sentenceLengthBurstiness        │ 0.374  ║
╟─────────────────────────────────┼────────╢
║ commasPerSentence               │ 0.077  ║
╟─────────────────────────────────┼────────╢
║ commaFreeSentenceFraction       │ 0.923  ║
╟─────────────────────────────────┼────────╢
║ multiCommaSentenceFraction      │ 0.000  ║
╟─────────────────────────────────┼────────╢
║ wordsPerClause                  │ 5.786  ║
╟─────────────────────────────────┼────────╢
║ contractionRate                 │ 7.407  ║
╟─────────────────────────────────┼────────╢
║ theDensity                      │ 8.642  ║
╟─────────────────────────────────┼────────╢
║ meanWordLength                  │ 3.877  ║
╟─────────────────────────────────┼────────╢
║ longWordFraction                │ 0.037  ║
╟─────────────────────────────────┼────────╢
║ typeTokenRatio                  │ 0.593  ║
╟─────────────────────────────────┼────────╢
║ questionRate                    │ 0.000  ║
╟─────────────────────────────────┼────────╢
║ exclamationRate                 │ 0.000  ║
╟─────────────────────────────────┼────────╢
║ semicolonRate                   │ 0.000  ║
╟─────────────────────────────────┼────────╢
║ colonRate                       │ 0.000  ║
╟─────────────────────────────────┼────────╢
║ dashRate                        │ 0.000  ║
╟─────────────────────────────────┼────────╢
║ parenthesisRate                 │ 0.000  ║
╟─────────────────────────────────┼────────╢
║ quoteRate                       │ 0.000  ║
╟─────────────────────────────────┼────────╢
║ apostropheRate                  │ 74.074 ║
╟─────────────────────────────────┼────────╢
║ midSentenceCapitalFraction      │ 0.000  ║
╟─────────────────────────────────┼────────╢
║ sentencesPerParagraph           │ 4.333  ║
╟─────────────────────────────────┼────────╢
║ singleSentenceParagraphFraction │ 0.000  ║
╚═════════════════════════════════╧════════╝
"
`;

exports[`contrast-like text feature vector 1`] = `
"╔═════════════════════════════════╤════════╗
║ Feature                         │ Value  ║
╟─────────────────────────────────┼────────╢
║ sentenceLengthMean              │ 22.000 ║
╟─────────────────────────────────┼────────╢
║ sentenceLengthMedian            │ 21.500 ║
╟─────────────────────────────────┼────────╢
║ sentenceLengthSd                │ 1.414  ║
╟─────────────────────────────────┼────────╢
║ sentenceLengthCv                │ 0.064  ║
╟─────────────────────────────────┼────────╢
║ shortSentenceFraction           │ 0.000  ║
╟─────────────────────────────────┼────────╢
║ longSentenceFraction            │ 0.000  ║
╟─────────────────────────────────┼────────╢
║ sentenceLengthRange             │ 2.600  ║
╟─────────────────────────────────┼────────╢
║ sentenceLengthBurstiness        │ 0.071  ║
╟─────────────────────────────────┼────────╢
║ commasPerSentence               │ 2.000  ║
╟─────────────────────────────────┼────────╢
║ commaFreeSentenceFraction       │ 0.000  ║
╟─────────────────────────────────┼────────╢
║ multiCommaSentenceFraction      │ 0.250  ║
╟─────────────────────────────────┼────────╢
║ wordsPerClause                  │ 7.333  ║
╟─────────────────────────────────┼────────╢
║ contractionRate                 │ 0.000  ║
╟─────────────────────────────────┼────────╢
║ theDensity                      │ 11.364 ║
╟─────────────────────────────────┼────────╢
║ meanWordLength                  │ 6.403  ║
╟─────────────────────────────────┼────────╢
║ longWordFraction                │ 0.420  ║
╟─────────────────────────────────┼────────╢
║ typeTokenRatio                  │ 0.705  ║
╟─────────────────────────────────┼────────╢
║ questionRate                    │ 0.000  ║
╟─────────────────────────────────┼────────╢
║ exclamationRate                 │ 0.000  ║
╟─────────────────────────────────┼────────╢
║ semicolonRate                   │ 0.000  ║
╟─────────────────────────────────┼────────╢
║ colonRate                       │ 0.000  ║
╟─────────────────────────────────┼────────╢
║ dashRate                        │ 0.000  ║
╟─────────────────────────────────┼────────╢
║ parenthesisRate                 │ 0.000  ║
╟─────────────────────────────────┼────────╢
║ quoteRate                       │ 0.000  ║
╟─────────────────────────────────┼────────╢
║ apostropheRate                  │ 0.000  ║
╟─────────────────────────────────┼────────╢
║ midSentenceCapitalFraction      │ 0.000  ║
╟─────────────────────────────────┼────────╢
║ sentencesPerParagraph           │ 4.000  ║
╟─────────────────────────────────┼────────╢
║ singleSentenceParagraphFraction │ 0.000  ║
╚═════════════════════════════════╧════════╝
"
`;
