// Bun Snapshot v1, https://bun.sh/docs/test/snapshots

exports[`render formats a saver award 1`] = `
"╔═════════╤══════════╤══════════╤═════════╤═════════╤════════════════╤═════════╤════════╤═════════════════════╗
║ Depart  │ Arrive   │ Duration │ Stops   │ Flight  │ Aircraft       │ Cabin   │  Miles │                     ║
╟─────────┼──────────┼──────────┼─────────┼─────────┼────────────────┼─────────┼────────┼─────────────────────╢
║ 3:00 PM │ 11:31 PM │ 4H, 31M  │ NONSTOP │ UA 2225 │ Boeing 757-200 │ Economy │ 13,500 │ United Economy (XN) ║
╚═════════╧══════════╧══════════╧═════════╧═════════╧════════════════╧═════════╧════════╧═════════════════════╝
"
`;

exports[`render formats a cabin with no award space 1`] = `
"╔═════════╤══════════╤══════════╤═════════╤═════════╤════════════════╤═══════╤═══════╤══╗
║ Depart  │ Arrive   │ Duration │ Stops   │ Flight  │ Aircraft       │ Cabin │ Miles │  ║
╟─────────┼──────────┼──────────┼─────────┼─────────┼────────────────┼───────┼───────┼──╢
║ 3:00 PM │ 11:31 PM │ 4H, 31M  │ NONSTOP │ UA 2225 │ Boeing 757-200 │ none  │       │  ║
╚═════════╧══════════╧══════════╧═════════╧═════════╧════════════════╧═══════╧═══════╧══╝
"
`;

exports[`render formats a connection alongside a numbered flight 1`] = `
"╔═════════╤══════════╤══════════╤═════════╤════════════╤════════════════╤═════════╤════════╤═════════════════════╗
║ Depart  │ Arrive   │ Duration │ Stops   │ Flight     │ Aircraft       │ Cabin   │  Miles │                     ║
╟─────────┼──────────┼──────────┼─────────┼────────────┼────────────────┼─────────┼────────┼─────────────────────╢
║ 3:00 PM │ 11:31 PM │ 4H, 31M  │ NONSTOP │ UA 2225    │ Boeing 757-200 │ Economy │ 29,100 │ United Economy (YN) ║
╟─────────┼──────────┼──────────┼─────────┼────────────┼────────────────┼─────────┼────────┼─────────────────────╢
║ 9:30 PM │ 8:13 AM  │ 7H, 43M  │ 1 STOP  │ connection │                │ Economy │ 29,100 │ United Economy (YN) ║
╚═════════╧══════════╧══════════╧═════════╧════════════╧════════════════╧═════════╧════════╧═════════════════════╝
"
`;
